Resolving dependencies...
Downloading packages...
  flutter_lints 5.0.0 (6.0.0 available)
  flutter_secure_storage 9.2.4 (10.3.1 available)
  flutter_secure_storage_linux 1.2.3 (3.0.1 available)
  flutter_secure_storage_macos 3.1.3 (4.0.0 available)
  flutter_secure_storage_platform_interface 1.1.2 (2.0.2 available)
  flutter_secure_storage_web 1.2.1 (2.1.1 available)
! flutter_secure_storage_windows 3.1.2+stub1 from path ../../git/stubs/flutter_secure_storage_windows (overridden)
  google_fonts 6.3.3 (8.2.0 available)
  hooks 2.0.2 (2.1.0 available)
  intl 0.20.2 (0.20.3 available)
  js 0.6.7 (0.7.2 available)
  lints 5.1.1 (6.1.0 available)
  local_auth 2.3.0 (3.0.2 available)
  local_auth_android 1.0.56 (2.0.9 available)
  local_auth_darwin 1.6.1 (2.0.3 available)
  local_auth_windows 1.0.11 (2.0.1 available)
  matcher 0.12.19 (0.12.20 available)
  meta 1.18.0 (1.19.0 available)
! path_provider_android 2.2.19 (overridden) (2.3.1 available)
  permission_handler 12.0.3 (13.0.0 available)
  permission_handler_android 13.0.1 (14.0.0 available)
  permission_handler_html 0.1.4+0 (0.1.4+1 available)
  pointycastle 3.9.1 (4.0.0 available)
  qr 3.0.2 (4.0.0 available)
  record_use 0.6.0 (1.0.0 available)
  test_api 0.7.11 (0.7.13 available)
  vector_math 2.2.0 (2.4.2 available)
  win32 5.15.0 (6.3.0 available)
  window_to_front 0.0.4 (1.0.0 available)
Got dependencies!
28 packages have newer versions incompatible with dependency constraints.
Try `flutter pub outdated` for more information.
00:00 +0: loading /Users/russellsneddon/restore-privacy/client_app/test/first_run_licence_scroll_test.dart
00:00 +0: licence accept disabled until scroll-to-bottom; link targets public licence
00:00 +1: public licence URI is status-host LICENSE path
00:00 +2: full EULA is residual-VPN scoped (no multi-product Suite grant)
00:00 +3: All tests passed!
