Resolving dependencies...
Downloading packages...
  flutter_lints 5.0.0 (6.0.0 available)
  flutter_secure_storage 9.2.4 (10.3.1 available)
  flutter_secure_storage_linux 1.2.3 (3.0.1 available)
  flutter_secure_storage_macos 3.1.3 (4.0.0 available)
  flutter_secure_storage_platform_interface 1.1.2 (2.0.2 available)
  flutter_secure_storage_web 1.2.1 (2.1.1 available)
! flutter_secure_storage_windows 3.1.2+stub1 from path ../../git/stubs/flutter_secure_storage_windows (overridden)
  google_fonts 6.3.3 (8.2.0 available)
  hooks 2.0.2 (2.1.0 available)
  intl 0.20.2 (0.20.3 available)
  js 0.6.7 (0.7.2 available)
  lints 5.1.1 (6.1.0 available)
  local_auth 2.3.0 (3.0.2 available)
  local_auth_android 1.0.56 (2.0.9 available)
  local_auth_darwin 1.6.1 (2.0.3 available)
  local_auth_windows 1.0.11 (2.0.1 available)
  matcher 0.12.19 (0.12.20 available)
  meta 1.18.0 (1.19.0 available)
! path_provider_android 2.2.19 (overridden) (2.3.1 available)
  permission_handler 12.0.3 (13.0.0 available)
  permission_handler_android 13.0.1 (14.0.0 available)
  permission_handler_html 0.1.4+0 (0.1.4+1 available)
  pointycastle 3.9.1 (4.0.0 available)
  qr 3.0.2 (4.0.0 available)
  record_use 0.6.0 (1.0.0 available)
  test_api 0.7.11 (0.7.13 available)
  vector_math 2.2.0 (2.4.2 available)
  win32 5.15.0 (6.3.0 available)
  window_to_front 0.0.4 (1.0.0 available)
Got dependencies!
28 packages have newer versions incompatible with dependency constraints.
Try `flutter pub outdated` for more information.
00:00 +0: loading /Users/russellsneddon/restore-privacy/client_app/test/first_run_gate_test.dart
00:00 +0: /Users/russellsneddon/restore-privacy/client_app/test/first_run_gate_test.dart: first-use order is licence → keygenOrTrial → complete
00:00 +1: /Users/russellsneddon/restore-privacy/client_app/test/first_run_gate_test.dart: licence alone is not first-run complete
00:00 +2: /Users/russellsneddon/restore-privacy/client_app/test/first_run_gate_test.dart: return visit: trial or KEYGEN required for shell
00:00 +3: /Users/russellsneddon/restore-privacy/client_app/test/first_run_gate_test.dart: mustEnterKeygen when trial inactive and no KEYGEN
00:00 +4: /Users/russellsneddon/restore-privacy/client_app/test/first_run_gate_test.dart: residual Connect needs first-run and trial/keygen
00:00 +5: /Users/russellsneddon/restore-privacy/client_app/test/first_run_gate_test.dart: FirstRunStore marks entry unlock and loads complete
00:00 +6: /Users/russellsneddon/restore-privacy/client_app/test/first_run_gate_test.dart: VPN-only first-run copy has no username/password path
00:00 +7: /Users/russellsneddon/restore-privacy/client_app/test/first_run_gate_test.dart: trial and keygen still compose Connect after first-run
00:00 +8: /Users/russellsneddon/restore-privacy/client_app/test/first_run_gate_test.dart: mayEnterSuiteShell alias requires entitlement when passed
00:00 +9: /Users/russellsneddon/restore-privacy/client_app/test/entry_access_test.dart: entry access copy has required phrases and omits paywall
00:00 +10: /Users/russellsneddon/restore-privacy/client_app/test/entry_access_test.dart: source files gate entry and omit paywall wording
00:00 +11: /Users/russellsneddon/restore-privacy/client_app/test/entry_access_test.dart: locked entry shows first-run portal before shell
00:00 +12: /Users/russellsneddon/restore-privacy/client_app/test/entry_access_test.dart: locked entry shows first-run portal before shell
00:01 +13: /Users/russellsneddon/restore-privacy/client_app/test/first_run_portal_seed_test.dart: portal has no username/password or seed surfaces
00:01 +14: /Users/russellsneddon/restore-privacy/client_app/test/first_run_portal_seed_test.dart: portal has no username/password or seed surfaces
00:01 +15: /Users/russellsneddon/restore-privacy/client_app/test/first_run_portal_seed_test.dart: portal has no username/password or seed surfaces
00:01 +16: /Users/russellsneddon/restore-privacy/client_app/test/first_run_portal_seed_test.dart: portal has no username/password or seed surfaces
00:01 +17: /Users/russellsneddon/restore-privacy/client_app/test/entry_access_test.dart: RestorePrivacyApp shows suite when entry unlocked
00:01 +18: /Users/russellsneddon/restore-privacy/client_app/test/first_run_portal_seed_test.dart: after licence, KEYGEN/trial step — no account continue
00:01 +19: /Users/russellsneddon/restore-privacy/client_app/test/first_run_portal_seed_test.dart: after licence, KEYGEN/trial step — no account continue
00:01 +20: /Users/russellsneddon/restore-privacy/client_app/test/first_run_portal_seed_test.dart: after licence, KEYGEN/trial step — no account continue
00:01 +21: All tests passed!
EXIT:
