00:00 +0: loading /Users/russellsneddon/restore-privacy/client_app/test/first_run_seed_confirm_hang_test.dart
00:00 +0: /Users/russellsneddon/restore-privacy/client_app/test/first_run_seed_confirm_hang_test.dart: slow attach surfaces timeout error and leaves seed step (no infinite busy)
00:00 +1: /Users/russellsneddon/restore-privacy/client_app/test/first_run_licence_scroll_test.dart: licence accept disabled until scroll-to-bottom; link targets public licence
══╡ EXCEPTION CAUGHT BY FLUTTER TEST FRAMEWORK ╞════════════════════════════════════════════════════
The following TestFailure was thrown running a test:
Expected: not null
  Actual: <null>
accept must enable after scroll-to-bottom

When the exception was thrown, this was the stack:
#4      main.<anonymous closure> (file:///Users/russellsneddon/restore-privacy/client_app/test/first_run_licence_scroll_test.dart:102:7)
<asynchronous suspension>
#5      testWidgets.<anonymous closure>.<anonymous closure> (package:flutter_test/src/widget_tester.dart:192:15)
<asynchronous suspension>
#6      TestWidgetsFlutterBinding._runTestBody (package:flutter_test/src/binding.dart:1952:5)
<asynchronous suspension>
<asynchronous suspension>
(elided one frame from package:stack_trace)

This was caught by the test expectation on the following line:
  file:///Users/russellsneddon/restore-privacy/client_app/test/first_run_licence_scroll_test.dart line 102
The test description was:
  licence accept disabled until scroll-to-bottom; link targets public licence
════════════════════════════════════════════════════════════════════════════════════════════════════
00:00 +1 -1: /Users/russellsneddon/restore-privacy/client_app/test/first_run_seed_confirm_hang_test.dart: successful attach advances to licence step
00:00 +1 -1: /Users/russellsneddon/restore-privacy/client_app/test/first_run_licence_scroll_test.dart: licence accept disabled until scroll-to-bottom; link targets public licence [E]
  Test failed. See exception logs above.
  The test description was: licence accept disabled until scroll-to-bottom; link targets public licence
  
00:00 +2 -1: /Users/russellsneddon/restore-privacy/client_app/test/first_run_seed_confirm_hang_test.dart: successful attach advances to licence step
══╡ EXCEPTION CAUGHT BY FLUTTER TEST FRAMEWORK ╞════════════════════════════════════════════════════
The following TestFailure was thrown running a test:
Expected: exactly one matching candidate
  Actual: _TextWidgetFinder:<Found 0 widgets with text "Accept end-user licence": []>
   Which: means none were found but one was expected

When the exception was thrown, this was the stack:
#4      main.<anonymous closure> (file:///Users/russellsneddon/restore-privacy/client_app/test/first_run_seed_confirm_hang_test.dart:148:7)
<asynchronous suspension>
#5      testWidgets.<anonymous closure>.<anonymous closure> (package:flutter_test/src/widget_tester.dart:192:15)
<asynchronous suspension>
#6      TestWidgetsFlutterBinding._runTestBody (package:flutter_test/src/binding.dart:1952:5)
<asynchronous suspension>
<asynchronous suspension>
(elided one frame from package:stack_trace)

This was caught by the test expectation on the following line:
  file:///Users/russellsneddon/restore-privacy/client_app/test/first_run_seed_confirm_hang_test.dart line 148
The test description was:
  successful attach advances to licence step
════════════════════════════════════════════════════════════════════════════════════════════════════
00:00 +2 -2: /Users/russellsneddon/restore-privacy/client_app/test/first_run_seed_confirm_hang_test.dart: successful attach advances to licence step [E]
  Test failed. See exception logs above.
  The test description was: successful attach advances to licence step
  
00:00 +2 -2: /Users/russellsneddon/restore-privacy/client_app/test/first_run_seed_confirm_hang_test.dart: kSuiteSeedConfirmTimeout is finite and positive
00:00 +3 -2: Some tests failed.

Failing tests:
  /Users/russellsneddon/restore-privacy/client_app/test/first_run_licence_scroll_test.dart: licence accept disabled until scroll-to-bottom; link targets public licence
  /Users/russellsneddon/restore-privacy/client_app/test/first_run_seed_confirm_hang_test.dart: successful attach advances to licence step
