00:00 +0: loading /Users/russellsneddon/restore-privacy/client_app/test/first_run_seed_confirm_hang_test.dart
00:00 +0: /Users/russellsneddon/restore-privacy/client_app/test/first_run_licence_scroll_test.dart: licence accept disabled until scroll-to-bottom; link targets public licence
00:00 +1: /Users/russellsneddon/restore-privacy/client_app/test/first_run_licence_scroll_test.dart: licence accept disabled until scroll-to-bottom; link targets public licence

Warning: A call to tap() with finder "Found 1 widget with key [<'first_run_licence_accept'>]: [
  FilledButton-[<'first_run_licence_accept'>](dependencies: [IconTheme, InheritedCupertinoTheme, MediaQuery, _InheritedTheme, _LocalizationsScope-[GlobalKey#4b13c]], state: _ButtonStyleState#47bd8),
]" derived an Offset (Offset(400.0, 617.8)) that would not hit test on the specified widget.
Maybe the widget is actually off-screen, or another widget is obscuring it, or the widget cannot receive pointer events.
Indeed, Offset(400.0, 617.8) is outside the bounds of the root of the render tree, Size(800.0, 600.0).
The finder corresponds to this RenderBox: RenderSemanticsAnnotations#8adb5 relayoutBoundary=up16
The hit test result at that offset is: HitTestResult(HitTestEntry<HitTestTarget>#9af0b(_ReusableRenderView#3da83), HitTestEntry<HitTestTarget>#4111e(<AutomatedTestWidgetsFlutterBinding>))
#0      WidgetController._getElementPoint (package:flutter_test/src/controller.dart:2165:25)
#1      WidgetController.getCenter (package:flutter_test/src/controller.dart:1947:12)
#2      WidgetController.tap (package:flutter_test/src/controller.dart:1080:7)
#3      main.<anonymous closure> (file:///Users/russellsneddon/restore-privacy/client_app/test/first_run_licence_scroll_test.dart:95:20)
<asynchronous suspension>
#4      testWidgets.<anonymous closure>.<anonymous closure> (package:flutter_test/src/widget_tester.dart:192:15)
<asynchronous suspension>
#5      TestWidgetsFlutterBinding._runTestBody (package:flutter_test/src/binding.dart:1952:5)
<asynchronous suspension>
#6      StackZoneSpecification._registerCallback.<anonymous closure> (package:stack_trace/src/stack_zone_specification.dart:114:42)
<asynchronous suspension>
To silence this warning, pass "warnIfMissed: false" to "tap()".
To make this warning fatal, set WidgetController.hitTestWarningShouldBeFatal to true.

══╡ EXCEPTION CAUGHT BY FLUTTER TEST FRAMEWORK ╞════════════════════════════════════════════════════
The following TestFailure was thrown running a test:
Expected: true
  Actual: <false>

When the exception was thrown, this was the stack:
#4      main.<anonymous closure> (file:///Users/russellsneddon/restore-privacy/client_app/test/first_run_licence_scroll_test.dart:98:7)
<asynchronous suspension>
#5      testWidgets.<anonymous closure>.<anonymous closure> (package:flutter_test/src/widget_tester.dart:192:15)
<asynchronous suspension>
#6      TestWidgetsFlutterBinding._runTestBody (package:flutter_test/src/binding.dart:1952:5)
<asynchronous suspension>
<asynchronous suspension>
(elided one frame from package:stack_trace)

This was caught by the test expectation on the following line:
  file:///Users/russellsneddon/restore-privacy/client_app/test/first_run_licence_scroll_test.dart line 98
The test description was:
  licence accept disabled until scroll-to-bottom; link targets public licence
════════════════════════════════════════════════════════════════════════════════════════════════════
00:00 +1 -1: /Users/russellsneddon/restore-privacy/client_app/test/first_run_seed_confirm_hang_test.dart: successful attach advances to licence step
00:00 +1 -1: /Users/russellsneddon/restore-privacy/client_app/test/first_run_licence_scroll_test.dart: licence accept disabled until scroll-to-bottom; link targets public licence [E]
  Test failed. See exception logs above.
  The test description was: licence accept disabled until scroll-to-bottom; link targets public licence
  
00:00 +2 -1: /Users/russellsneddon/restore-privacy/client_app/test/first_run_seed_confirm_hang_test.dart: successful attach advances to licence step
══╡ EXCEPTION CAUGHT BY FLUTTER TEST FRAMEWORK ╞════════════════════════════════════════════════════
The following TestFailure was thrown running a test:
Expected: exactly one matching candidate
  Actual: _TextWidgetFinder:<Found 0 widgets with text "Accept end-user licence": []>
   Which: means none were found but one was expected

When the exception was thrown, this was the stack:
#4      main.<anonymous closure> (file:///Users/russellsneddon/restore-privacy/client_app/test/first_run_seed_confirm_hang_test.dart:144:7)
<asynchronous suspension>
#5      testWidgets.<anonymous closure>.<anonymous closure> (package:flutter_test/src/widget_tester.dart:192:15)
<asynchronous suspension>
#6      TestWidgetsFlutterBinding._runTestBody (package:flutter_test/src/binding.dart:1952:5)
<asynchronous suspension>
<asynchronous suspension>
(elided one frame from package:stack_trace)

This was caught by the test expectation on the following line:
  file:///Users/russellsneddon/restore-privacy/client_app/test/first_run_seed_confirm_hang_test.dart line 144
The test description was:
  successful attach advances to licence step
════════════════════════════════════════════════════════════════════════════════════════════════════
00:01 +2 -2: /Users/russellsneddon/restore-privacy/client_app/test/first_run_seed_confirm_hang_test.dart: successful attach advances to licence step [E]
  Test failed. See exception logs above.
  The test description was: successful attach advances to licence step
  
00:01 +2 -2: /Users/russellsneddon/restore-privacy/client_app/test/first_run_seed_confirm_hang_test.dart: kSuiteSeedConfirmTimeout is finite and positive
00:03 +3 -2: /Users/russellsneddon/restore-privacy/client_app/test/macos_vpn_permission_sequence_test.dart: permission sequence order is prepare → await → settings → connect
00:03 +4 -2: /Users/russellsneddon/restore-privacy/client_app/test/macos_vpn_permission_sequence_test.dart: prepare must not auto-open System Settings in the same tick
00:03 +5 -2: /Users/russellsneddon/restore-privacy/client_app/test/macos_vpn_permission_sequence_test.dart: after prepare: ready / settings / retry / missing NE actions
00:03 +6 -2: /Users/russellsneddon/restore-privacy/client_app/test/macos_vpn_permission_sequence_test.dart: connect may open Settings only after prepare sequence completed
00:03 +7 -2: /Users/russellsneddon/restore-privacy/client_app/test/macos_vpn_permission_sequence_test.dart: native RptVpnChannel prepare gates openSettingsOnDenial
00:03 +8 -2: /Users/russellsneddon/restore-privacy/client_app/test/evolve_inherits_suite_login_test.dart: suiteEvolveInheritsSuiteLogin when registered + wallet session live
00:03 +9 -2: /Users/russellsneddon/restore-privacy/client_app/test/evolve_inherits_suite_login_test.dart: suiteEvolveShowsLoginWall when no Suite account yet
00:03 +10 -2: /Users/russellsneddon/restore-privacy/client_app/test/evolve_inherits_suite_login_test.dart: Suite registered without live session still needs password (not create)
00:03 +11 -2: /Users/russellsneddon/restore-privacy/client_app/test/evolve_inherits_suite_login_test.dart: SuiteAccountBus notify + store markRegistered share identity
00:03 +12 -2: /Users/russellsneddon/restore-privacy/client_app/test/first_run_gate_test.dart: first-run order is account → seed → licence → complete
00:03 +13 -2: /Users/russellsneddon/restore-privacy/client_app/test/first_run_gate_test.dart: out-of-order flags still advance through account then seed then licence
00:03 +14 -2: /Users/russellsneddon/restore-privacy/client_app/test/first_run_gate_test.dart: residual permission/tunnel helpers stay false until first-run complete
00:03 +15 -2: /Users/russellsneddon/restore-privacy/client_app/test/first_run_gate_test.dart: residual Connect needs first-run and trial/keygen
00:03 +16 -2: /Users/russellsneddon/restore-privacy/client_app/test/first_run_gate_test.dart: FirstRunStore marks seed and loads complete
00:03 +17 -2: /Users/russellsneddon/restore-privacy/client_app/test/first_run_gate_test.dart: seed write-down copy is strong offline advice
00:03 +18 -2: /Users/russellsneddon/restore-privacy/client_app/test/first_run_gate_test.dart: trial and keygen still compose Connect after first-run
00:03 +19 -2: Some tests failed.

Failing tests:
  /Users/russellsneddon/restore-privacy/client_app/test/first_run_licence_scroll_test.dart: licence accept disabled until scroll-to-bottom; link targets public licence
  /Users/russellsneddon/restore-privacy/client_app/test/first_run_seed_confirm_hang_test.dart: successful attach advances to licence step
