releases/1.1.3/:
total 704576
drwxr-xr-x  13 russellsneddon  staff       416  3 Aug 16:59 .
drwxr-xr-x  20 russellsneddon  staff       640  3 Aug 16:53 ..
-rw-r--r--   1 russellsneddon  staff      2056  3 Aug 16:59 manifest.json
-rw-r--r--   1 russellsneddon  staff  85388314  3 Aug 16:55 restore-privacy-client-1.1.3-android.apk
-rw-r--r--   1 russellsneddon  staff  13241240  3 Aug 16:57 restore-privacy-client-1.1.3-ios.zip
-rw-r--r--   1 russellsneddon  staff  14636754  1 Aug 16:50 restore-privacy-client-1.1.3-linux-x64.tar.gz
-rw-r--r--   1 russellsneddon  staff  27846194  3 Aug 16:59 restore-privacy-client-1.1.3-macos.zip
-rw-r--r--   1 russellsneddon  staff  38631642  1 Aug 01:51 restore-privacy-client-1.1.3-windows-x64-setup.exe
-rw-r--r--   1 russellsneddon  staff  85388314  3 Aug 16:55 restore-privacy-suite-1.1.3-android.apk
-rw-r--r--   1 russellsneddon  staff  13241240  3 Aug 16:57 restore-privacy-suite-1.1.3-ios.zip
-rw-r--r--   1 russellsneddon  staff  14636754  1 Aug 16:50 restore-privacy-suite-1.1.3-linux-x64.tar.gz
-rw-r--r--   1 russellsneddon  staff  27846194  3 Aug 16:59 restore-privacy-suite-1.1.3-macos.zip
-rw-r--r--   1 russellsneddon  staff  38631642  1 Aug 01:51 restore-privacy-suite-1.1.3-windows-x64-setup.exe

status_page/assets/1.1.3/:
total 351080
drwxr-xr-x  7 russellsneddon  staff       224  3 Aug 16:57 .
drwxr-xr-x  5 russellsneddon  staff       160  3 Aug 16:59 ..
-rw-r--r--  1 russellsneddon  staff  85388314  3 Aug 16:55 restore-privacy-client-1.1.3-android.apk
-rw-r--r--  1 russellsneddon  staff  13241240  3 Aug 16:57 restore-privacy-client-1.1.3-ios.zip
-rw-r--r--  1 russellsneddon  staff  14636754  1 Aug 16:50 restore-privacy-client-1.1.3-linux-x64.tar.gz
-rw-r--r--  1 russellsneddon  staff  27846194  3 Aug 16:59 restore-privacy-client-1.1.3-macos.zip
-rw-r--r--  1 russellsneddon  staff  38631642  1 Aug 01:51 restore-privacy-client-1.1.3-windows-x64-setup.exe
